Microsoft Windows [Version 10.0.18362.295]
(c) Корпорация Майкрософт (Microsoft Corporation), 2019. Все права защищены.

C:\Users\User>CD /D C:\Users\User\Documents\Homework\Cod\My project

C:\Users\User\Documents\Homework\Cod\My project>git clone https://github.com/1terraflops/EventFlow.git
Cloning into 'EventFlow'...
remote: Enumerating objects: 3, done.
remote: Counting objects: 100% (3/3), done.
remote: Total 3 (delta 0), reused 3 (delta 0), pack-reused 0 (from 0)
Receiving objects: 100% (3/3), done.

C:\Users\User\Documents\Homework\Cod\My project>git pull
fatal: not a git repository (or any of the parent directories): .git

C:\Users\User\Documents\Homework\Cod\My project>CD EventFlow

C:\Users\User\Documents\Homework\Cod\My project\EventFlow>git pull
remote: Enumerating objects: 27, done.
remote: Counting objects: 100% (27/27), done.
remote: Compressing objects: 100% (24/24), done.
remote: Total 26 (delta 0), reused 26 (delta 0), pack-reused 0 (from 0)
Unpacking objects: 100% (26/26), 176.19 KiB | 1.11 MiB/s, done.
From https://github.com/1terraflops/EventFlow
 * [new branch]      dev        -> origin/dev
Already up to date.

C:\Users\User\Documents\Homework\Cod\My project\EventFlow>git checkout dev
branch 'dev' set up to track 'origin/dev'.
Switched to a new branch 'dev'

C:\Users\User\Documents\Homework\Cod\My project\EventFlow>git checkout -b
error: switch `b' requires a value

C:\Users\User\Documents\Homework\Cod\My project\EventFlow>git checkout -b database
Switched to a new branch 'database'

C:\Users\User\Documents\Homework\Cod\My project\EventFlow>git status
On branch database
Untracked files:
  (use "git add <file>..." to include in what will be committed)
        beck/

nothing added to commit but untracked files present (use "git add" to track)

C:\Users\User\Documents\Homework\Cod\My project\EventFlow>git add.
git: 'add.' is not a git command. See 'git --help'.

The most similar command is
        add

C:\Users\User\Documents\Homework\Cod\My project\EventFlow>git add .

C:\Users\User\Documents\Homework\Cod\My project\EventFlow>git status
On branch database
Changes to be committed:
  (use "git restore --staged <file>..." to unstage)
        new file:   "beck/\320\235\320\276\320\262\321\213\320\271 \321\202\320\265\320\272\321\201\321\202\320\276\320\262\321\213\320\271 \320\264\320\276\320\272\321\203\320\274\320\265\320\275\321\202.txt"


C:\Users\User\Documents\Homework\Cod\My project\EventFlow>git commit
Author identity unknown

*** Please tell me who you are.

Run

  git config --global user.email "you@example.com"
  git config --global user.name "Your Name"

to set your account's default identity.
Omit --global to set the identity only in this repository.

fatal: unable to auto-detect email address (got 'User@WIN-AF8D64V9M1V.(none)')

C:\Users\User\Documents\Homework\Cod\My project\EventFlow>git commit -m "add test file"
Author identity unknown

*** Please tell me who you are.

Run

  git config --global user.email "you@example.com"
  git config --global user.name "Your Name"

to set your account's default identity.
Omit --global to set the identity only in this repository.

fatal: unable to auto-detect email address (got 'User@WIN-AF8D64V9M1V.(none)')

C:\Users\User\Documents\Homework\Cod\My project\EventFlow>git cinfig --global user.email "kondrenkovlad1@gmail.com"
git: 'cinfig' is not a git command. See 'git --help'.

The most similar command is
        config

C:\Users\User\Documents\Homework\Cod\My project\EventFlow>git config --global user.email "kondrenkovlad1@gmail.com"

C:\Users\User\Documents\Homework\Cod\My project\EventFlow>git commit -m "add test file"
[database d73c8d9] add test file
 1 file changed, 0 insertions(+), 0 deletions(-)
 create mode 100644 "beck/\320\235\320\276\320\262\321\213\320\271 \321\202\320\265\320\272\321\201\321\202\320\276\320\262\321\213\320\271 \320\264\320\276\320\272\321\203\320\274\320\265\320\275\321\202.txt"

C:\Users\User\Documents\Homework\Cod\My project\EventFlow>git status
On branch database
nothing to commit, working tree clean

C:\Users\User\Documents\Homework\Cod\My project\EventFlow>git push origin database
Enumerating objects: 4, done.
Counting objects: 100% (4/4), done.
Delta compression using up to 4 threads
Compressing objects: 100% (3/3), done.
Writing objects: 100% (3/3), 402 bytes | 201.00 KiB/s, done.
Total 3 (delta 0), reused 0 (delta 0), pack-reused 0 (from 0)
remote:
remote: Create a pull request for 'database' on GitHub by visiting:
remote:      https://github.com/1terraflops/EventFlow/pull/new/database
remote:
To https://github.com/1terraflops/EventFlow.git
 * [new branch]      database -> database

C:\Users\User\Documents\Homework\Cod\My project\EventFlow>

